   Compiling zstd-sys v2.1.0+zstd.1.5.7
   Compiling regex-automata v0.4.18
   Compiling brotli v8.0.4
   Compiling ark-serialize-derive v0.4.2
   Compiling tracing-core v0.1.36
   Compiling atomic-waker v1.1.2
   Compiling compression-core v0.4.33
   Compiling hyper v1.11.1
   Compiling ark-serialize v0.4.2
   Compiling tracing v0.1.44
   Compiling solana-program v2.3.0
   Compiling solana-keypair v2.2.3
   Compiling rustls v0.23.45
   Compiling ark-ff-macros v0.4.2
   Compiling spl-tlv-account-resolution v0.10.0
   Compiling darling_macro v0.24.1
   Compiling paste v1.0.15
   Compiling regex v1.13.1
   Compiling spl-token-confidential-transfer-proof-extraction v0.3.0
   Compiling rustls-webpki v0.101.7
   Compiling sync_wrapper v1.0.2
   Compiling solana-transaction-context v2.3.13
   Compiling compression-codecs v0.4.43
   Compiling itertools v0.10.5
   Compiling derivative v2.2.0
   Compiling ark-ff-asm v0.4.2
   Compiling solana-version v2.3.13
   Compiling solana-svm-feature-set v2.3.13
   Compiling tower-layer v0.3.3
   Compiling rustls v0.21.12
   Compiling ipnet v2.12.2
   Compiling solana-define-syscall v2.3.0
   Compiling signal-hook v0.3.18
   Compiling ark-ff v0.4.2
   Compiling hyper-util v0.1.20
   Compiling tower v0.5.3
   Compiling agave-feature-set v2.3.13
   Compiling tokio-rustls v0.26.5
   Compiling async-compression v0.4.48
   Compiling spl-elgamal-registry v0.2.0
   Compiling darling v0.24.1
   Compiling spl-transfer-hook-interface v0.10.0
   Compiling spl-token-confidential-transfer-ciphertext-arithmetic v0.3.1
   Compiling spl-token-metadata-interface v0.7.0
   Compiling spl-token v8.0.0
   Compiling webpki-roots v1.0.9
   Compiling http-body-util v0.1.5
   Compiling spl-token-group-interface v0.6.0
   Compiling spl-token-confidential-transfer-proof-generation v0.4.1
   Compiling sct v0.7.1
   Compiling tokio-util v0.7.19
   Compiling anchor-lang-idl-spec v0.1.0
   Compiling spl-memo v6.0.0
   Compiling spl-generic-token v1.0.1
   Compiling atty v0.2.14
   Compiling solana-security-txt v1.1.3
   Compiling humantime v2.4.0
   Compiling termcolor v1.4.1
   Compiling ryu v1.0.23
   Compiling serde_urlencoded v0.7.1
   Compiling env_logger v0.9.3
   Compiling spl-token-2022 v8.0.1
   Compiling tower-http v0.6.11
   Compiling anchor-lang-idl v0.1.4
   Compiling hyper-rustls v0.27.9
   Compiling serde_with_macros v3.23.0
   Compiling futures-executor v0.3.34
   Compiling solana-hard-forks v2.2.1
   Compiling crossbeam-utils v0.8.23
   Compiling portable-atomic v1.15.0
   Compiling ark-poly v0.4.2
   Compiling anchor-attribute-program v0.32.2
   Compiling solana-shred-version v2.2.1
   Compiling futures v0.3.34
   Compiling solana-logger v2.3.1
   Compiling serde_with v3.23.0
   Compiling ark-ec v0.4.2
   Compiling reqwest v0.12.28
   Compiling solana-invoke v0.4.0
   Compiling webpki-roots v0.24.0
   Compiling anchor-attribute-event v0.32.2
   Compiling anchor-attribute-error v0.32.2
   Compiling anchor-derive-serde v0.32.2
   Compiling anchor-derive-accounts v0.32.2
   Compiling anchor-attribute-access-control v0.32.2
   Compiling anchor-attribute-account v0.32.2
   Compiling anchor-attribute-constant v0.32.2
   Compiling http v0.2.12
   Compiling solana-loader-v3-interface v3.0.0
   Compiling solana-cluster-type v2.2.1
   Compiling chrono v0.4.45
   Compiling sha1 v0.10.7
   Compiling anchor-derive-space v0.32.2
   Compiling solana-poh-config v2.2.1
   Compiling solana-epoch-info v2.2.1
   Compiling async-trait v0.1.92
   Compiling cfg_eval v0.1.2
   Compiling memmap2 v0.5.10
   Compiling solana-time-utils v2.2.1
   Compiling data-encoding v2.11.1
   Compiling zstd-safe v7.3.0
   Compiling base64 v0.21.7
   Compiling unicode-width v0.2.2
   Compiling utf-8 v0.7.6
   Compiling console v0.15.11
   Compiling reqwest-middleware v0.4.2
   Compiling tungstenite v0.20.1
   Compiling zstd v0.13.3
   Compiling solana-account-decoder-client-types v2.3.13
   Compiling anchor-lang v0.32.2
   Compiling solana-genesis-config v2.3.0
   Compiling solana-packet v2.2.1
   Compiling ark-bn254 v0.4.0
   Compiling solana-transaction-status-client-types v2.3.13
   Compiling jsonrpc-core v18.0.0
   Compiling tokio-rustls v0.24.1
   Compiling spl-associated-token-account-client v2.0.0
   Compiling kaigan v0.2.6
   Compiling siphasher v0.3.11
   Compiling webpki-roots v0.25.4
   Compiling solana-rpc-client-types v2.3.13
   Compiling number_prefix v0.4.0
   Compiling tokio-tungstenite v0.20.1
   Compiling indicatif v0.17.11
   Compiling solana-epoch-rewards-hasher v2.2.1
   Compiling solana-config-program-client v0.0.2
   Compiling crossbeam-channel v0.5.17
   Compiling spl-associated-token-account v7.0.0
   Compiling solana-offchain-message v2.2.1
   Compiling solana-bn254 v2.2.2
   Compiling solana-rent-collector v2.3.0
   Compiling solana-client-traits v2.2.1
   Compiling Inflector v0.11.4
   Compiling solana-quic-definitions v2.3.1
   Compiling solana-system-transaction v2.2.1
   Compiling solana-rent-debits v2.2.1
   Compiling solana-fee-structure v2.3.0
   Compiling solana-nonce-account v2.2.1
   Compiling solana-reserved-account-keys v2.2.2
   Compiling tokio-stream v0.1.19
   Compiling solana-presigner v2.2.1
   Compiling solana-compute-budget-interface v2.2.2
   Compiling solana-serde v2.2.1
   Compiling solana-validator-exit v2.2.1
   Compiling solana-account-decoder v2.3.13
   Compiling solana-rpc-client-api v2.3.13
   Compiling solana-pubsub-client v2.3.13
   Compiling solana-sdk v2.3.1
   Compiling solana-rpc-client v2.3.13
   Compiling anchor-spl v0.32.2
   Compiling stocklana v0.1.0 (/Users/toastx/stocklana/programs/stocklana)
   Compiling anchor-client v0.32.2
   Compiling stocklana-keeper v0.1.0 (/Users/toastx/stocklana/keeper)
warning: use of deprecated module `anchor_client::solana_sdk::system_program`: Use `solana_system_interface::program` instead
  --> src/main.rs:30:32
   |
30 | use anchor_client::solana_sdk::system_program;
   |                                ^^^^^^^^^^^^^^
   |
   = note: `#[warn(deprecated)]` on by default

warning: use of deprecated associated function `anchor_client::solana_sdk::signature::Keypair::from_bytes`: Use Keypair::try_from(&[u8]) instead
  --> src/main.rs:61:26
   |
61 |         None => Keypair::from_bytes(&keeper.to_bytes()).unwrap(), // default: same desk key
   |                          ^^^^^^^^^^

warning: `stocklana-keeper` (bin "keeper") generated 2 warnings
    Finished `dev` profile [unoptimized + debuginfo] target(s) in 58.74s
EXIT=0
